// Jest Snapshot v1, https://goo.gl/fbAQLP

exports[`testing left arrorw rendering right arrow and click 1`] = `
<div>
  <div
    class="sc-bdVaJa ePgJGs"
    data-testid="rightclick"
  >
    <img
      src="arrow.svg"
      alt="rightarrow"
    />
  </div>
</div>
`;
